// Jest Snapshot v1, https://goo.gl/fbAQLP

exports[`Logo Renders 1`] = `
<div
  className="logo"
>
  <h1>
    <div>
      Meteo
    </div>
    <small>
      Weather at a Glance
    </small>
  </h1>
  <div
    className="tagline"
  >
    Search for a location above to get your 5 day weather forecast!
  </div>
</div>
`;
