// Jest Snapshot v1, https://goo.gl/fbAQLP

exports[`SearchBar component Renders correctly 1`] = `
<div>
  <form
    class="search"
  >
    <div
      class="search-bar"
    >
      <input
        aria-labelledby="searchButton"
        class="search-input"
        placeholder="Search Places ..."
      />
      <div
        class="search-dropdown"
      />
    </div>
    <button
      aria-label="Search for a location to Fetch weather for"
      id="searchButton"
      type="submit"
    >
      <span>
        Search
      </span>
      <test-file-stub />
    </button>
  </form>
</div>
`;
